{"trafficData":[{"bytesSent":250,"ipAddress":"150.23.122.180","numberOfRequests":2,"percentageOfTotalBytesSent":1.0,"percentageOfTotalRequests":1.0}]}
