90.0.210.209;3;0.375;300;0.375
150.23.122.180;2;0.25;200;0.25
214.58.42.63;2;0.25;200;0.25
205.247.78.0;1;0.125;100;0.125